// Jest Snapshot v1, https://goo.gl/fbAQLP

exports[`CardHolderTable component should render CardHolderTable component 1`] = `
<div
  className="card-holder-container"
>
  <div
    className="card-holder-unit"
    onDragOver={[Function]}
    onDrop={[Function]}
  >
    <div
      className="empty-card-box"
    />
  </div>
  <div
    className="card-holder-unit"
    onDragOver={[Function]}
    onDrop={[Function]}
  >
    <div
      className="empty-card-box"
    />
  </div>
  <div
    className="card-holder-unit"
    onDragOver={[Function]}
    onDrop={[Function]}
  >
    <div
      className="empty-card-box"
    />
  </div>
  <div
    className="card-holder-unit"
    onDragOver={[Function]}
    onDrop={[Function]}
  >
    <div
      className="empty-card-box"
    />
  </div>
  <div
    className="card-holder-unit"
    onDragOver={[Function]}
    onDrop={[Function]}
  >
    <div
      className="empty-card-box"
    />
  </div>
  <div
    className="card-holder-unit"
    onDragOver={[Function]}
    onDrop={[Function]}
  >
    <div
      className="empty-card-box"
    />
  </div>
  <div
    className="card-holder-unit"
    onDragOver={[Function]}
    onDrop={[Function]}
  >
    <div
      className="empty-card-box"
    />
  </div>
  <div
    className="card-holder-unit"
    onDragOver={[Function]}
    onDrop={[Function]}
  >
    <div
      className="empty-card-box"
    />
  </div>
  <div
    className="card-holder-unit"
    onDragOver={[Function]}
    onDrop={[Function]}
  >
    <div
      className="empty-card-box"
    />
  </div>
  <div
    className="card-holder-unit"
    onDragOver={[Function]}
    onDrop={[Function]}
  >
    <div
      className="empty-card-box"
    />
  </div>
</div>
`;
